// Jest Snapshot v1, https://goo.gl/fbAQLP

exports[`Pruebas en mi componente <SearchPage /> Debe de mostrarse correctamente con valores por defecto 1`] = `
<div>
  <div
    class="row mt-3"
  >
    <div
      class="col-sm-5"
    >
      <form
        aria-label="form"
      >
        <input
          aria-label="inputSearch"
          class="form-control"
          name="searchText"
          placeholder="Nombre del héroe"
          type="search"
          value=""
        />
        <button
          class="btn btn-outline-info mt-2"
        >
          Buscar
        </button>
      </form>
    </div>
    <div
      class="col-sm-7"
    >
      <div
        class="shadow-none border-bottom p-3 mb-3 bg-body rounded"
      >
        Resultados
      </div>
      <div
        class="alert alert-info animate__animated animate__fadeIn"
      >
        Buscar un héroe
      </div>
    </div>
  </div>
</div>
`;
